    Finished `release` profile [optimized] target(s) in 0.02s
     Running `target/release/examples/bench --grid '32,1:4:8:16:32;100,1:5:10:25:50;1,2:4:8:16'`
setting up 14 cells…
  setup N=32,T=1 (1-of-32)
  setup N=32,T=4 (4-of-32)
  setup N=32,T=8 (8-of-32)
  setup N=32,T=16 (16-of-32)
  setup N=32,T=32 (32-of-32)
  setup N=100,T=1 (1-of-100)
  setup N=100,T=5 (5-of-100)
  setup N=100,T=10 (10-of-100)
  setup N=100,T=25 (25-of-100)
  setup N=100,T=50 (50-of-100)
  setup N=1,T=2 (2-of-1)
  setup N=1,T=4 (4-of-1)
  setup N=1,T=8 (8-of-1)
  setup N=1,T=16 (16-of-1)
running 100 sign samples × 14 cells (interleaved)…
  sign sweep 10/100  (40.21 s)
  sign sweep 20/100  (77.56 s)
  sign sweep 30/100  (114.36 s)
  sign sweep 40/100  (149.12 s)
  sign sweep 50/100  (192.32 s)
  sign sweep 60/100  (229.95 s)
  sign sweep 70/100  (263.15 s)
  sign sweep 80/100  (302.58 s)
  sign sweep 90/100  (343.57 s)
  sign sweep 100/100  (377.94 s)
running 100 verify samples × 14 cells (interleaved)…
  verify sweep 10/100  (386.53 s)
  verify sweep 20/100  (395.08 s)
  verify sweep 30/100  (403.67 s)
  verify sweep 40/100  (412.23 s)
  verify sweep 50/100  (420.87 s)
  verify sweep 60/100  (429.46 s)
  verify sweep 70/100  (438.01 s)
  verify sweep 80/100  (446.55 s)
  verify sweep 90/100  (455.05 s)
  verify sweep 100/100  (463.57 s)
bench sampling phase: 463.57 s (100 samples × 14 cells)
  N=32,T=1 sign 105.7 ms (DualMS 62.66 ms + RS 27.07 ms), verify 20.34 ms, sig 22.81 KiB
  N=32,T=4 sign 139.3 ms (DualMS 88.95 ms + RS 33.07 ms), verify 26.75 ms, sig 23.90 KiB
  N=32,T=8 sign 173.5 ms (DualMS 117.0 ms + RS 35.90 ms), verify 32.99 ms, sig 24.36 KiB
  N=32,T=16 sign 219.2 ms (DualMS 153.2 ms + RS 39.22 ms), verify 45.21 ms, sig 24.99 KiB
  N=32,T=32 sign 292.7 ms (DualMS 218.7 ms + RS 35.93 ms), verify 72.01 ms, sig 25.41 KiB
  N=100,T=1 sign 243.2 ms (DualMS 143.8 ms + RS 61.01 ms), verify 45.99 ms, sig 32.84 KiB
  N=100,T=5 sign 423.7 ms (DualMS 295.1 ms + RS 80.60 ms), verify 64.26 ms, sig 34.01 KiB
  N=100,T=10 sign 475.9 ms (DualMS 338.1 ms + RS 79.05 ms), verify 87.70 ms, sig 34.64 KiB
  N=100,T=25 sign 616.3 ms (DualMS 442.9 ms + RS 82.22 ms), verify 156.9 ms, sig 35.35 KiB
  N=100,T=50 sign 887.2 ms (DualMS 665.1 ms + RS 77.42 ms), verify 272.0 ms, sig 35.79 KiB
  N=1,T=2 sign 41.97 ms (DualMS 24.51 ms + RS 12.15 ms), verify 7.11 ms, sig 18.69 KiB
  N=1,T=4 sign 44.20 ms (DualMS 26.76 ms + RS 12.26 ms), verify 6.99 ms, sig 19.33 KiB
  N=1,T=8 sign 46.17 ms (DualMS 29.39 ms + RS 11.42 ms), verify 7.88 ms, sig 19.78 KiB
  N=1,T=16 sign 69.97 ms (DualMS 48.87 ms + RS 15.23 ms), verify 10.13 ms, sig 20.42 KiB
wall-clock seconds: 483
